  compilation object save succeeded; see D:\Programação de Jogos\ExtincaoFC-arena2\ExtincaoFC\Shaders\Pixel.cso
  compilation object save succeeded; see D:\Programação de Jogos\ExtincaoFC-arena2\ExtincaoFC\Shaders\Vertex.cso
  Animation.cpp
  Arena1.cpp
  Arena2.cpp
  Arena3.cpp
  Audio.cpp
  Ball.cpp
  Engine.cpp
  Font.cpp
  Game.cpp
  GameOver.cpp
  Geometry.cpp
  Goal.cpp
  GoalSensor.cpp
  Graphics.cpp
  Grass.cpp
  Help.cpp
  Home.cpp
  Image.cpp
  Object.cpp
  ExtincaoFC.cpp
D:\Programação de Jogos\ExtincaoFC-arena2\ExtincaoFC\Arena1.cpp(52,63): warning C4244: 'argument': conversion from 'int' to 'float', possible loss of data
D:\Programação de Jogos\ExtincaoFC-arena2\ExtincaoFC\Arena1.cpp(300,47): warning C4305: 'argument': truncation from 'double' to 'float'
D:\Programação de Jogos\ExtincaoFC-arena2\ExtincaoFC\Arena1.cpp(319,35): warning C4244: 'argument': conversion from 'int' to 'float', possible loss of data
D:\Programação de Jogos\ExtincaoFC-arena2\ExtincaoFC\GameOver.cpp(91,68): warning C4244: 'argument': conversion from 'int' to 'float', possible loss of data
D:\Programação de Jogos\ExtincaoFC-arena2\ExtincaoFC\GameOver.cpp(92,68): warning C4244: 'argument': conversion from 'int' to 'float', possible loss of data
  Player.cpp
  Renderer.cpp
  Scene.cpp
  Sound.cpp
  Sprite.cpp
  Texture.cpp
  TileSet.cpp
  Timer.cpp
  Window.cpp
  ExtincaoFC.vcxproj -> D:\Programação de Jogos\ExtincaoFC-arena2\x64\Debug\ExtincaoFC.exe
